// Jest Snapshot v1, https://goo.gl/fbAQLP

exports[`FormFilter should render as expected 1`] = `
<DocumentFragment>
  <form
    class="form"
  >
    <div
      class="form-input"
    >
      <label
        for="filterTitle"
      >
        Title
      </label>
      <input
        id="filterTitle"
        name="filterTitle"
        placeholder="Filter by title..."
        type="text"
        value="title"
      />
    </div>
    <div
      class="form-input"
    >
      <label
        for="sorting"
      >
        Sort by
      </label>
      <select
        id="sorting"
        name="sorting"
      >
        <option
          disabled=""
          value="default"
        >
          Choose here
        </option>
        <option
          value="title-descending"
        >
          Title Descending
        </option>
        <option
          value="title-ascending"
        >
          Title Ascending
        </option>
        <option
          value="rating-descending"
        >
          Rating Descending
        </option>
        <option
          value="rating-ascending"
        >
          Rating Ascending
        </option>
      </select>
    </div>
  </form>
</DocumentFragment>
`;
